2025-04-29 09:18:39,577 - INFO - MainProcess - ====== WebDriver manager ======
2025-04-29 09:18:42,873 - INFO - MainProcess - Get LATEST chromedriver version for google-chrome
2025-04-29 09:18:42,951 - INFO - MainProcess - Get LATEST chromedriver version for google-chrome
2025-04-29 09:18:43,039 - INFO - MainProcess - Driver [C:\Users\luisarias\.wdm\drivers\chromedriver\win64\136.0.7103.48\chromedriver-win32/chromedriver.exe] found in cache
2025-04-29 09:18:44,236 - INFO - MainProcess - ====== WebDriver manager ======
2025-04-29 09:18:47,756 - INFO - MainProcess - Get LATEST chromedriver version for google-chrome
2025-04-29 09:18:47,839 - INFO - MainProcess - Get LATEST chromedriver version for google-chrome
2025-04-29 09:18:47,919 - INFO - MainProcess - Driver [C:\Users\luisarias\.wdm\drivers\chromedriver\win64\136.0.7103.48\chromedriver-win32/chromedriver.exe] found in cache
2025-04-29 09:18:49,101 - INFO - MainProcess - ====== WebDriver manager ======
2025-04-29 09:18:52,768 - INFO - MainProcess - Get LATEST chromedriver version for google-chrome
2025-04-29 09:18:52,837 - INFO - MainProcess - Get LATEST chromedriver version for google-chrome
2025-04-29 09:18:52,904 - INFO - MainProcess - Driver [C:\Users\luisarias\.wdm\drivers\chromedriver\win64\136.0.7103.48\chromedriver-win32/chromedriver.exe] found in cache
2025-04-29 09:18:54,145 - INFO - MainProcess - ====== WebDriver manager ======
2025-04-29 09:18:57,828 - INFO - MainProcess - Get LATEST chromedriver version for google-chrome
2025-04-29 09:18:57,911 - INFO - MainProcess - Get LATEST chromedriver version for google-chrome
2025-04-29 09:18:57,981 - INFO - MainProcess - Driver [C:\Users\luisarias\.wdm\drivers\chromedriver\win64\136.0.7103.48\chromedriver-win32/chromedriver.exe] found in cache
2025-04-29 09:19:07,113 - WARNING - MainProcess - No se encontraron sitios en https://es.foursquare.com/explore?mode=url&ne=10.634965%2C-75.06443&q=Turbaco&sw=10.177753%2C-75.641212
2025-04-29 09:19:07,113 - INFO - MainProcess - Completado: https://es.foursquare.com/explore?mode=url&ne=10.634965%2C-75.06443&q=Turbaco&sw=10.177753%2C-75.641212
2025-04-29 09:19:07,131 - WARNING - MainProcess - No se encontraron sitios en http://es.foursquare.com/explore?mode=url&ne=10.561735%2C-75.370502&q=Santa%20Cruz%20de%20Mompox&sw=10.333159%2C-75.658894
2025-04-29 09:19:07,131 - INFO - MainProcess - Completado: http://es.foursquare.com/explore?mode=url&ne=10.561735%2C-75.370502&q=Santa%20Cruz%20de%20Mompox&sw=10.333159%2C-75.658894
2025-04-29 09:19:07,351 - WARNING - MainProcess - No se encontraron sitios en https://es.foursquare.com/explore?mode=url&near=Santa%20Marta%2C%20Magdalena&nearGeoId=72057594041596541
2025-04-29 09:19:07,352 - INFO - MainProcess - Completado: https://es.foursquare.com/explore?mode=url&near=Santa%20Marta%2C%20Magdalena&nearGeoId=72057594041596541
2025-04-29 09:19:07,366 - WARNING - MainProcess - No se encontraron sitios en https://es.foursquare.com/explore?mode=url&near=Cartagena%20de%20Indias%2C%20Bol%C3%ADvar%2C%20Colombia&nearGeoId=72057594041615174
2025-04-29 09:19:07,366 - INFO - MainProcess - Completado: https://es.foursquare.com/explore?mode=url&near=Cartagena%20de%20Indias%2C%20Bol%C3%ADvar%2C%20Colombia&nearGeoId=72057594041615174
2025-04-29 09:19:07,367 - INFO - MainProcess - Scraping completado en 8.30s - 0/4 exitosos
2025-04-29 09:29:14,152 - INFO - MainProcess - ====== WebDriver manager ======
2025-04-29 09:29:17,011 - INFO - MainProcess - Get LATEST chromedriver version for google-chrome
2025-04-29 09:29:17,100 - INFO - MainProcess - Get LATEST chromedriver version for google-chrome
2025-04-29 09:29:17,190 - INFO - MainProcess - Driver [C:\Users\luisarias\.wdm\drivers\chromedriver\win64\136.0.7103.48\chromedriver-win32/chromedriver.exe] found in cache
2025-04-29 09:29:18,329 - INFO - MainProcess - ====== WebDriver manager ======
2025-04-29 09:29:21,150 - INFO - MainProcess - Get LATEST chromedriver version for google-chrome
2025-04-29 09:29:21,227 - INFO - MainProcess - Get LATEST chromedriver version for google-chrome
2025-04-29 09:29:21,298 - INFO - MainProcess - Driver [C:\Users\luisarias\.wdm\drivers\chromedriver\win64\136.0.7103.48\chromedriver-win32/chromedriver.exe] found in cache
2025-04-29 09:29:22,397 - INFO - MainProcess - ====== WebDriver manager ======
2025-04-29 09:29:25,235 - INFO - MainProcess - Get LATEST chromedriver version for google-chrome
2025-04-29 09:29:25,312 - INFO - MainProcess - Get LATEST chromedriver version for google-chrome
2025-04-29 09:29:25,388 - INFO - MainProcess - Driver [C:\Users\luisarias\.wdm\drivers\chromedriver\win64\136.0.7103.48\chromedriver-win32/chromedriver.exe] found in cache
2025-04-29 09:29:26,501 - INFO - MainProcess - ====== WebDriver manager ======
2025-04-29 09:29:29,835 - INFO - MainProcess - Get LATEST chromedriver version for google-chrome
2025-04-29 09:29:29,912 - INFO - MainProcess - Get LATEST chromedriver version for google-chrome
2025-04-29 09:29:29,991 - INFO - MainProcess - Driver [C:\Users\luisarias\.wdm\drivers\chromedriver\win64\136.0.7103.48\chromedriver-win32/chromedriver.exe] found in cache
2025-04-29 09:29:38,407 - WARNING - MainProcess - No se encontraron sitios en https://es.foursquare.com/explore?mode=url&ne=10.634965%2C-75.06443&q=Turbaco&sw=10.177753%2C-75.641212
2025-04-29 09:29:38,408 - INFO - MainProcess - Completado: https://es.foursquare.com/explore?mode=url&ne=10.634965%2C-75.06443&q=Turbaco&sw=10.177753%2C-75.641212
2025-04-29 09:29:38,929 - WARNING - MainProcess - No se encontraron sitios en http://es.foursquare.com/explore?mode=url&ne=10.561735%2C-75.370502&q=Santa%20Cruz%20de%20Mompox&sw=10.333159%2C-75.658894
2025-04-29 09:29:38,929 - INFO - MainProcess - Completado: http://es.foursquare.com/explore?mode=url&ne=10.561735%2C-75.370502&q=Santa%20Cruz%20de%20Mompox&sw=10.333159%2C-75.658894
2025-04-29 09:29:39,189 - WARNING - MainProcess - No se encontraron sitios en https://es.foursquare.com/explore?mode=url&near=Cartagena%20de%20Indias%2C%20Bol%C3%ADvar%2C%20Colombia&nearGeoId=72057594041615174
2025-04-29 09:29:39,189 - INFO - MainProcess - Completado: https://es.foursquare.com/explore?mode=url&near=Cartagena%20de%20Indias%2C%20Bol%C3%ADvar%2C%20Colombia&nearGeoId=72057594041615174
2025-04-29 09:29:39,267 - WARNING - MainProcess - No se encontraron sitios en https://es.foursquare.com/explore?mode=url&near=Santa%20Marta%2C%20Magdalena&nearGeoId=72057594041596541
2025-04-29 09:29:39,267 - INFO - MainProcess - Completado: https://es.foursquare.com/explore?mode=url&near=Santa%20Marta%2C%20Magdalena&nearGeoId=72057594041596541
2025-04-29 09:29:39,269 - INFO - MainProcess - Scraping completado en 8.20s - 0/4 exitosos
2025-04-29 09:37:41,406 - INFO - MainProcess - ====== WebDriver manager ======
2025-04-29 09:37:44,224 - INFO - MainProcess - Get LATEST chromedriver version for google-chrome
2025-04-29 09:37:44,309 - INFO - MainProcess - Get LATEST chromedriver version for google-chrome
2025-04-29 09:37:44,390 - INFO - MainProcess - Driver [C:\Users\luisarias\.wdm\drivers\chromedriver\win64\136.0.7103.48\chromedriver-win32/chromedriver.exe] found in cache
2025-04-29 09:38:01,459 - INFO - MainProcess - ====== WebDriver manager ======
2025-04-29 09:38:04,323 - INFO - MainProcess - Get LATEST chromedriver version for google-chrome
2025-04-29 09:38:04,411 - INFO - MainProcess - Get LATEST chromedriver version for google-chrome
2025-04-29 09:38:04,493 - INFO - MainProcess - Driver [C:\Users\luisarias\.wdm\drivers\chromedriver\win64\136.0.7103.48\chromedriver-win32/chromedriver.exe] found in cache
2025-04-29 22:08:29,264 - INFO - MainProcess - Inicializando pool con 16 drivers
2025-04-29 22:08:29,264 - INFO - MainProcess - ====== WebDriver manager ======
2025-04-29 22:08:32,436 - INFO - MainProcess - Get LATEST chromedriver version for google-chrome
2025-04-29 22:08:32,572 - INFO - MainProcess - Get LATEST chromedriver version for google-chrome
2025-04-29 22:08:32,650 - INFO - MainProcess - There is no [win64] chromedriver "136.0.7103.49" for browser google-chrome "136.0.7103" in cache
2025-04-29 22:08:32,651 - INFO - MainProcess - Get LATEST chromedriver version for google-chrome
2025-04-29 22:08:32,858 - INFO - MainProcess - WebDriver version 136.0.7103.49 selected
2025-04-29 22:08:32,864 - INFO - MainProcess - Modern chrome version https://storage.googleapis.com/chrome-for-testing-public/136.0.7103.49/win32/chromedriver-win32.zip
2025-04-29 22:08:32,864 - INFO - MainProcess - About to download new driver from https://storage.googleapis.com/chrome-for-testing-public/136.0.7103.49/win32/chromedriver-win32.zip
2025-04-29 22:08:33,036 - INFO - MainProcess - Driver downloading response is 200
2025-04-29 22:08:33,877 - INFO - MainProcess - Get LATEST chromedriver version for google-chrome
2025-04-29 22:08:34,814 - INFO - MainProcess - Driver has been saved in cache [C:\Users\luisarias\.wdm\drivers\chromedriver\win64\136.0.7103.49]
2025-04-29 22:08:38,404 - INFO - MainProcess - ====== WebDriver manager ======
2025-04-29 22:08:42,083 - INFO - MainProcess - Get LATEST chromedriver version for google-chrome
2025-04-29 22:08:42,172 - INFO - MainProcess - Get LATEST chromedriver version for google-chrome
2025-04-29 22:08:42,266 - INFO - MainProcess - Driver [C:\Users\luisarias\.wdm\drivers\chromedriver\win64\136.0.7103.49\chromedriver-win32/chromedriver.exe] found in cache
2025-04-29 22:08:43,458 - INFO - MainProcess - ====== WebDriver manager ======
2025-04-29 22:08:48,497 - INFO - MainProcess - Get LATEST chromedriver version for google-chrome
2025-04-29 22:08:48,581 - INFO - MainProcess - Get LATEST chromedriver version for google-chrome
2025-04-29 22:08:48,665 - INFO - MainProcess - Driver [C:\Users\luisarias\.wdm\drivers\chromedriver\win64\136.0.7103.49\chromedriver-win32/chromedriver.exe] found in cache
2025-04-29 22:08:49,870 - INFO - MainProcess - ====== WebDriver manager ======
2025-04-29 22:08:53,362 - INFO - MainProcess - Get LATEST chromedriver version for google-chrome
2025-04-29 22:08:53,440 - INFO - MainProcess - Get LATEST chromedriver version for google-chrome
2025-04-29 22:08:53,517 - INFO - MainProcess - Driver [C:\Users\luisarias\.wdm\drivers\chromedriver\win64\136.0.7103.49\chromedriver-win32/chromedriver.exe] found in cache
2025-04-29 22:08:54,672 - INFO - MainProcess - ====== WebDriver manager ======
2025-04-29 22:08:57,815 - INFO - MainProcess - Get LATEST chromedriver version for google-chrome
2025-04-29 22:08:57,898 - INFO - MainProcess - Get LATEST chromedriver version for google-chrome
2025-04-29 22:08:58,019 - INFO - MainProcess - Driver [C:\Users\luisarias\.wdm\drivers\chromedriver\win64\136.0.7103.49\chromedriver-win32/chromedriver.exe] found in cache
2025-04-29 22:08:59,150 - INFO - MainProcess - ====== WebDriver manager ======
2025-04-29 22:09:02,638 - INFO - MainProcess - Get LATEST chromedriver version for google-chrome
2025-04-29 22:09:02,718 - INFO - MainProcess - Get LATEST chromedriver version for google-chrome
2025-04-29 22:09:02,790 - INFO - MainProcess - Driver [C:\Users\luisarias\.wdm\drivers\chromedriver\win64\136.0.7103.49\chromedriver-win32/chromedriver.exe] found in cache
2025-04-29 22:09:03,902 - INFO - MainProcess - ====== WebDriver manager ======
2025-04-29 22:09:07,322 - INFO - MainProcess - Get LATEST chromedriver version for google-chrome
2025-04-29 22:09:07,403 - INFO - MainProcess - Get LATEST chromedriver version for google-chrome
2025-04-29 22:09:07,483 - INFO - MainProcess - Driver [C:\Users\luisarias\.wdm\drivers\chromedriver\win64\136.0.7103.49\chromedriver-win32/chromedriver.exe] found in cache
2025-04-29 22:09:08,602 - INFO - MainProcess - ====== WebDriver manager ======
2025-04-29 22:09:11,810 - INFO - MainProcess - Get LATEST chromedriver version for google-chrome
2025-04-29 22:09:11,888 - INFO - MainProcess - Get LATEST chromedriver version for google-chrome
2025-04-29 22:09:11,971 - INFO - MainProcess - Driver [C:\Users\luisarias\.wdm\drivers\chromedriver\win64\136.0.7103.49\chromedriver-win32/chromedriver.exe] found in cache
2025-04-29 22:09:13,248 - INFO - MainProcess - ====== WebDriver manager ======
2025-04-29 22:09:16,677 - INFO - MainProcess - Get LATEST chromedriver version for google-chrome
2025-04-29 22:09:16,770 - INFO - MainProcess - Get LATEST chromedriver version for google-chrome
2025-04-29 22:09:16,849 - INFO - MainProcess - Driver [C:\Users\luisarias\.wdm\drivers\chromedriver\win64\136.0.7103.49\chromedriver-win32/chromedriver.exe] found in cache
2025-04-29 22:09:17,983 - INFO - MainProcess - ====== WebDriver manager ======
2025-04-29 22:09:21,698 - INFO - MainProcess - Get LATEST chromedriver version for google-chrome
2025-04-29 22:09:21,774 - INFO - MainProcess - Get LATEST chromedriver version for google-chrome
2025-04-29 22:09:21,857 - INFO - MainProcess - Driver [C:\Users\luisarias\.wdm\drivers\chromedriver\win64\136.0.7103.49\chromedriver-win32/chromedriver.exe] found in cache
2025-04-29 22:09:23,263 - INFO - MainProcess - ====== WebDriver manager ======
2025-04-29 22:09:28,374 - INFO - MainProcess - Get LATEST chromedriver version for google-chrome
2025-04-29 22:09:28,457 - INFO - MainProcess - Get LATEST chromedriver version for google-chrome
2025-04-29 22:09:28,543 - INFO - MainProcess - Driver [C:\Users\luisarias\.wdm\drivers\chromedriver\win64\136.0.7103.49\chromedriver-win32/chromedriver.exe] found in cache
2025-04-29 22:09:29,676 - INFO - MainProcess - ====== WebDriver manager ======
2025-04-29 22:09:32,890 - INFO - MainProcess - Get LATEST chromedriver version for google-chrome
2025-04-29 22:09:32,970 - INFO - MainProcess - Get LATEST chromedriver version for google-chrome
2025-04-29 22:09:33,046 - INFO - MainProcess - Driver [C:\Users\luisarias\.wdm\drivers\chromedriver\win64\136.0.7103.49\chromedriver-win32/chromedriver.exe] found in cache
2025-04-29 22:09:34,228 - INFO - MainProcess - ====== WebDriver manager ======
2025-04-29 22:09:37,808 - INFO - MainProcess - Get LATEST chromedriver version for google-chrome
2025-04-29 22:09:37,900 - INFO - MainProcess - Get LATEST chromedriver version for google-chrome
2025-04-29 22:09:37,991 - INFO - MainProcess - Driver [C:\Users\luisarias\.wdm\drivers\chromedriver\win64\136.0.7103.49\chromedriver-win32/chromedriver.exe] found in cache
2025-04-29 22:09:39,105 - INFO - MainProcess - ====== WebDriver manager ======
2025-04-29 22:09:43,163 - INFO - MainProcess - Get LATEST chromedriver version for google-chrome
2025-04-29 22:09:43,251 - INFO - MainProcess - Get LATEST chromedriver version for google-chrome
2025-04-29 22:09:43,322 - INFO - MainProcess - Driver [C:\Users\luisarias\.wdm\drivers\chromedriver\win64\136.0.7103.49\chromedriver-win32/chromedriver.exe] found in cache
2025-04-29 22:09:44,571 - INFO - MainProcess - ====== WebDriver manager ======
2025-04-29 22:09:48,421 - INFO - MainProcess - Get LATEST chromedriver version for google-chrome
2025-04-29 22:09:48,509 - INFO - MainProcess - Get LATEST chromedriver version for google-chrome
2025-04-29 22:09:48,592 - INFO - MainProcess - Driver [C:\Users\luisarias\.wdm\drivers\chromedriver\win64\136.0.7103.49\chromedriver-win32/chromedriver.exe] found in cache
2025-04-29 22:09:49,742 - INFO - MainProcess - ====== WebDriver manager ======
2025-04-29 22:09:53,359 - INFO - MainProcess - Get LATEST chromedriver version for google-chrome
2025-04-29 22:09:53,432 - INFO - MainProcess - Get LATEST chromedriver version for google-chrome
2025-04-29 22:09:53,508 - INFO - MainProcess - Driver [C:\Users\luisarias\.wdm\drivers\chromedriver\win64\136.0.7103.49\chromedriver-win32/chromedriver.exe] found in cache
2025-04-29 22:09:54,669 - INFO - MainProcess - Iniciando ejecución paralela con 16 workers
2025-04-29 22:09:54,669 - INFO - MainProcess - Iniciando scrape de https://es.foursquare.com/explore?mode=url&near=Cartagena%20de%20Indias%2C%20Bol%C3%ADvar%2C%20Colombia&nearGeoId=72057594041615174 (worker 0)
2025-04-29 22:09:54,671 - INFO - MainProcess - Iniciando scrape de https://es.foursquare.com/explore?mode=url&near=Santa%20Marta%2C%20Magdalena&nearGeoId=72057594041596541 (worker 1)
2025-04-29 22:09:54,672 - INFO - MainProcess - Iniciando scrape de http://es.foursquare.com/explore?mode=url&ne=10.561735%2C-75.370502&q=Santa%20Cruz%20de%20Mompox&sw=10.333159%2C-75.658894 (worker 2)
2025-04-29 22:09:54,674 - INFO - MainProcess - Iniciando scrape de https://es.foursquare.com/explore?mode=url&ne=10.634965%2C-75.06443&q=Turbaco&sw=10.177753%2C-75.641212 (worker 3)
2025-04-29 22:10:02,612 - WARNING - MainProcess - No se encontraron sitios en https://es.foursquare.com/explore?mode=url&ne=10.634965%2C-75.06443&q=Turbaco&sw=10.177753%2C-75.641212
2025-04-29 22:10:02,627 - WARNING - MainProcess - No se encontraron sitios en https://es.foursquare.com/explore?mode=url&near=Cartagena%20de%20Indias%2C%20Bol%C3%ADvar%2C%20Colombia&nearGeoId=72057594041615174
2025-04-29 22:10:02,627 - INFO - MainProcess - Completado: https://es.foursquare.com/explore?mode=url&ne=10.634965%2C-75.06443&q=Turbaco&sw=10.177753%2C-75.641212
2025-04-29 22:10:02,629 - INFO - MainProcess - Completado: https://es.foursquare.com/explore?mode=url&near=Cartagena%20de%20Indias%2C%20Bol%C3%ADvar%2C%20Colombia&nearGeoId=72057594041615174
2025-04-29 22:10:02,693 - WARNING - MainProcess - No se encontraron sitios en http://es.foursquare.com/explore?mode=url&ne=10.561735%2C-75.370502&q=Santa%20Cruz%20de%20Mompox&sw=10.333159%2C-75.658894
2025-04-29 22:10:02,694 - INFO - MainProcess - Completado: http://es.foursquare.com/explore?mode=url&ne=10.561735%2C-75.370502&q=Santa%20Cruz%20de%20Mompox&sw=10.333159%2C-75.658894
2025-04-29 22:10:03,430 - WARNING - MainProcess - No se encontraron sitios en https://es.foursquare.com/explore?mode=url&near=Santa%20Marta%2C%20Magdalena&nearGeoId=72057594041596541
2025-04-29 22:10:03,432 - INFO - MainProcess - Completado: https://es.foursquare.com/explore?mode=url&near=Santa%20Marta%2C%20Magdalena&nearGeoId=72057594041596541
2025-04-29 22:10:03,435 - INFO - MainProcess - Scraping completado en 8.77s - 0/4 exitosos
2025-04-29 22:10:03,435 - INFO - MainProcess - Cerrando recursos del scraper
2025-04-29 22:10:03,436 - INFO - MainProcess - Cerrando pool de drivers
